{
  "metric_descriptor" : {
    "description" : "description",
    "label_keys" : [
      {
        "description" : "myKey",
        "key" : "myKey"
      },
      {
        "description" : "myKey1",
        "key" : "myKey1"
      },
      {
        "description" : "myKey2",
        "key" : "myKey2"
      },
      {
        "description" : "myKey3",
        "key" : "myKey3"
      }
    ],
    "name" : "system.cpu.pct",
    "type" : 1,
    "unit" : "string"
  },
  "timeseries" : [
    {
      "label_values" : [
        {
          "has_value" : true,
          "value" : "1"
        },
        {
          "has_value" : true,
          "value" : "two"
        },
        {
          "has_value" : true,
          "value" : "three"
        },
        {
          "has_value" : true,
          "value" : "4"
        }
      ],
      "points" : [
        {
          "timestamp" : {
            "nanos" : 1,
            "seconds" : 1
          },
          "value" : 1
        }
      ]
    }
  ]
}