{
  "description" : "Network request size in bytes",
  "label_keys" : [
    {
      "description" : "",
      "key" : "http.url"
    },
    {
      "description" : "",
      "key" : "http.method"
    },
    {
      "description" : "",
      "key" : "http.body.size"
    }
  ],
  "name" : "app.prerequest.total",
  "type" : 1,
  "unit" : "bytes"
}